<?xml version="1.0" encoding="utf-8"?><testsuites name="pytest tests"><testsuite name="pytest" errors="0" failures="0" skipped="0" tests="98" time="2.160" timestamp="2026-09-10T00:42:11.599364+00:00" hostname="localhost"><testcase classname="tests.test_app" name="test_state_file_allowlist[../token]" time="0.023" /><testcase classname="tests.test_app" name="test_state_file_allowlist[secret.txt]" time="0.001" /><testcase classname="tests.test_app" name="test_state_file_allowlist[random.json]" time="0.001" /><testcase classname="tests.test_app" name="test_local_state_roundtrip" time="0.001" /><testcase classname="tests.test_app" name="test_setup_existing_chat_does_not_rediscover" time="0.000" /><testcase classname="tests.test_app" name="test_setup_discovers_one_private_chat" time="0.000" /><testcase classname="tests.test_app" name="test_setup_multiple_chats_no_guess" time="0.000" /><testcase classname="tests.test_app" name="test_telegram_missing_secret" time="0.001" /><testcase classname="tests.test_app" name="test_token_not_leaked_on_request_error" time="0.000" /><testcase classname="tests.test_app" name="test_long_telegram_plain_text_split" time="0.000" /><testcase classname="tests.test_app" name="test_demo_no_position_or_model_created" time="0.005" /><testcase classname="tests.test_app" name="test_default_no_model_no_buy_sell" time="0.005" /><testcase classname="tests.test_app" name="test_dry_run_never_sends_or_writes_state" time="0.004" /><testcase classname="tests.test_app" name="test_paper_must_be_manual" time="0.005" /><testcase classname="tests.test_app" name="test_pair_message_is_btc_direction_only" time="0.008" /><testcase classname="tests.test_app" name="test_monitor_directional_stop_and_cooldown" time="0.011" /><testcase classname="tests.test_app" name="test_strict_stale_evidence_still_monitors_existing" time="0.007" /><testcase classname="tests.test_app" name="test_live_entry_deduplicated" time="0.008" /><testcase classname="tests.test_app" name="test_late_paper_entry_withheld" time="0.006" /><testcase classname="tests.test_app" name="test_scan_failure_warning_is_not_fake_no_signal_claim" time="0.007" /><testcase classname="tests.test_backtest" name="test_placeholder[1-100-105-95-98-102-98-STOP_OR_AMBIGUOUS_STOP_FIRST]" time="0.001" /><testcase classname="tests.test_backtest" name="test_placeholder[-1-100-105-95-102-98-102-STOP_OR_AMIGUOUS_STOP_FIRST]" time="0.001" /><testcase classname="tests.test_backtest" name="test_native_barriers[1-95-100-94-98-102-95-STOP_GAP]" time="0.001" /><testcase classname="tests.test_backtest" name="test_native_barriers[-1-105-106-100-102-98-105-STOP_GAP]" time="0.001" /><testcase classname="tests.test_backtest" name="test_native_barriers[1-100-103-99-98-102-102-TAKE_PROFIT]" time="0.001" /><testcase classname="tests.test_backtest" name="test_native_barriers[-1-100-101-97-102-98-98-TAKE_PROFIT]" time="0.001" /><testcase classname="tests.test_backtest" name="test_native_barriers[1-100-101-99-98-102-None-None]" time="0.001" /><testcase classname="tests.test_backtest" name="test_spot_empty_funding_is_zero" time="0.002" /><testcase classname="tests.test_backtest" name="test_compat_funding_math_still_explicit" time="0.002" /><testcase classname="tests.test_backtest" name="test_signal_enters_after_alert_not_past_open" time="0.007" /><testcase classname="tests.test_backtest" name="test_pair_relationship_still_trades_btc_only" time="0.007" /><testcase classname="tests.test_backtest" name="test_end_embargo" time="0.005" /><testcase classname="tests.test_data" name="test_invalid_candles_fail[nan]" time="0.001" /><testcase classname="tests.test_data" name="test_invalid_candles_fail[negative_price]" time="0.002" /><testcase classname="tests.test_data" name="test_invalid_candles_fail[negative_volume]" time="0.002" /><testcase classname="tests.test_data" name="test_invalid_candles_fail[bad_high]" time="0.002" /><testcase classname="tests.test_data" name="test_invalid_candles_fail[bad_low]" time="0.002" /><testcase classname="tests.test_data" name="test_invalid_candles_fail[hour]" time="0.003" /><testcase classname="tests.test_data" name="test_invalid_candles_fail[gap]" time="0.003" /><testcase classname="tests.test_data" name="test_invalid_candles_fail[naive]" time="0.001" /><testcase classname="tests.test_data" name="test_duplicate_exact_deduplicated" time="0.004" /><testcase classname="tests.test_data" name="test_duplicate_conflict_rejected" time="0.003" /><testcase classname="tests.test_data" name="test_coinbase_candle_schema_normalizes" time="0.004" /><testcase classname="tests.test_data" name="test_bad_coinbase_candles_rejected[payload0]" time="0.000" /><testcase classname="tests.test_data" name="test_bad_coinbase_candles_rejected[payload1]" time="0.000" /><testcase classname="tests.test_data" name="test_bad_coinbase_candles_rejected[payload2]" time="0.000" /><testcase classname="tests.test_data" name="test_provider_denial_no_substitution[403]" time="0.000" /><testcase classname="tests.test_data" name="test_provider_denial_no_substitution[451]" time="0.000" /><testcase classname="tests.test_data" name="test_provider_denial_no_substitution[404]" time="0.000" /><testcase classname="tests.test_data" name="test_provider_denial_no_substitution[400]" time="0.000" /><testcase classname="tests.test_data" name="test_book_parser" time="0.000" /><testcase classname="tests.test_data" name="test_synthetic_cannot_load_as_real" time="0.004" /><testcase classname="tests.test_data" name="test_processed_checksum_required" time="0.004" /><testcase classname="tests.test_evidence" name="test_observed_rate_not_identical_to_lower_bound[0-0]" time="0.000" /><testcase classname="tests.test_evidence" name="test_observed_rate_not_identical_to_lower_bound[9-10]" time="0.001" /><testcase classname="tests.test_evidence" name="test_observed_rate_not_identical_to_lower_bound[90-100]" time="0.001" /><testcase classname="tests.test_evidence" name="test_observed_rate_not_identical_to_lower_bound[180-200]" time="0.000" /><testcase classname="tests.test_evidence" name="test_observed_rate_not_identical_to_lower_bound[900-1000]" time="0.000" /><testcase classname="tests.test_evidence" name="test_all_wins_small_sample_still_insufficient" time="0.000" /><testcase classname="tests.test_evidence" name="test_more_evidence_tightens_bound" time="0.000" /><testcase classname="tests.test_evidence" name="test_block_bootstrap_reproducible" time="0.013" /><testcase classname="tests.test_evidence" name="test_empty_evidence_blocks" time="0.005" /><testcase classname="tests.test_evidence" name="test_synthetic_never_certified" time="0.037" /><testcase classname="tests.test_evidence" name="test_strict_can_pass_statistical_fixture_but_not_market_claim" time="0.033" /><testcase classname="tests.test_evidence" name="test_high_win_rate_can_have_negative_expectancy" time="0.035" /><testcase classname="tests.test_evidence" name="test_one_direction_is_not_evidence_for_other" time="0.030" /><testcase classname="tests.test_evidence" name="test_clustered_short_history_rejected" time="0.022" /><testcase classname="tests.test_evidence" name="test_select_on_validation_not_holdout" time="0.004" /><testcase classname="tests.test_evidence" name="test_must_beat_btc_only_baseline" time="0.004" /><testcase classname="tests.test_evidence" name="test_config_change_invalidates_model" time="0.004" /><testcase classname="tests.test_evidence" name="test_future_or_stale_evidence_blocks[2026-08-01]" time="0.004" /><testcase classname="tests.test_evidence" name="test_future_or_stale_evidence_blocks[2026-12-01]" time="0.004" /><testcase classname="tests.test_evidence" name="test_absent_model_blocks" time="0.004" /><testcase classname="tests.test_research_pipeline" name="test_complete_synthetic_pipeline_never_certifies" time="0.488" /><testcase classname="tests.test_signals" name="test_pivot_not_observable_early" time="0.000" /><testcase classname="tests.test_signals" name="test_plateau_is_not_unique_pivot" time="0.000" /><testcase classname="tests.test_signals" name="test_signal_timestamp[1-BUY]" time="0.001" /><testcase classname="tests.test_signals" name="test_signal_timestamp[-1-SELL]" time="0.001" /><testcase classname="tests.test_signals" name="test_flat_rsi_neutral" time="0.004" /><testcase classname="tests.test_signals" name="test_rsi_bounds" time="0.004" /><testcase classname="tests.test_signals" name="test_rvol_uses_previous_bars" time="0.004" /><testcase classname="tests.test_signals" name="test_peer_required[pair_spread]" time="0.007" /><testcase classname="tests.test_signals" name="test_peer_required[lead_lag]" time="0.008" /><testcase classname="tests.test_signals" name="test_mismatched_clocks_rejected" time="0.009" /><testcase classname="tests.test_signals" name="test_unknown_family" time="0.008" /><testcase classname="tests.test_signals" name="test_calendar_refit_anchors_invariant" time="0.002" /><testcase classname="tests.test_signals" name="test_no_future_data_changes_past_signals[breakout]" time="0.103" /><testcase classname="tests.test_signals" name="test_no_future_data_changes_past_signals[divergence]" time="0.086" /><testcase classname="tests.test_signals" name="test_no_future_data_changes_past_signals[pair_spread]" time="0.059" /><testcase classname="tests.test_signals" name="test_no_future_data_changes_past_signals[lead_lag]" time="0.049" /><testcase classname="tests.test_signals" name="test_breakout_excludes_current_high" time="0.012" /><testcase classname="tests.test_signals" name="test_opposing_peer_blocks_breakout" time="0.011" /><testcase classname="tests.test_signals" name="test_actual_divergence_only_after_pivot_confirmation[False]" time="0.021" /><testcase classname="tests.test_signals" name="test_actual_divergence_only_after_pivot_confirmation[True]" time="0.021" /><testcase classname="tests.test_signals" name="test_actual_lead_lag_prediction_is_causal" time="0.118" /><testcase classname="tests.test_workflows" name="test_workflows_and_visible_copies_match" time="0.009" /><testcase classname="tests.test_workflows" name="test_scheduled_scan_strict_and_shared_concurrency" time="0.006" /><testcase classname="tests.test_workflows" name="test_no_first_bot_secret_names_in_workflows" time="0.001" /></testsuite></testsuites>